{
  "version": "1.5.0",
  "plugins_used": [
    {
      "name": "ArtifactoryDetector"
    },
    {
      "name": "AWSKeyDetector"
    },
    {
      "name": "AzureStorageKeyDetector"
    },
    {
      "name": "Base64HighEntropyString",
      "limit": 4.5
    },
    {
      "name": "BasicAuthDetector"
    },
    {
      "name": "CloudantDetector"
    },
    {
      "name": "DiscordBotTokenDetector"
    },
    {
      "name": "GitHubTokenDetector"
    },
    {
      "name": "GitLabTokenDetector"
    },
    {
      "name": "HexHighEntropyString",
      "limit": 3.0
    },
    {
      "name": "IbmCloudIamDetector"
    },
    {
      "name": "IbmCosHmacDetector"
    },
    {
      "name": "IPPublicDetector"
    },
    {
      "name": "JwtTokenDetector"
    },
    {
      "name": "KeywordDetector",
      "keyword_exclude": ""
    },
    {
      "name": "MailchimpDetector"
    },
    {
      "name": "NpmDetector"
    },
    {
      "name": "OpenAIDetector"
    },
    {
      "name": "PrivateKeyDetector"
    },
    {
      "name": "PypiTokenDetector"
    },
    {
      "name": "SendGridDetector"
    },
    {
      "name": "SlackDetector"
    },
    {
      "name": "SoftlayerDetector"
    },
    {
      "name": "SquareOAuthDetector"
    },
    {
      "name": "StripeDetector"
    },
    {
      "name": "TelegramBotTokenDetector"
    },
    {
      "name": "TwilioKeyDetector"
    }
  ],
  "filters_used": [
    {
      "path": "detect_secrets.filters.allowlist.is_line_allowlisted"
    },
    {
      "path": "detect_secrets.filters.common.is_ignored_due_to_verification_policies",
      "min_level": 2
    },
    {
      "path": "detect_secrets.filters.heuristic.is_indirect_reference"
    },
    {
      "path": "detect_secrets.filters.heuristic.is_likely_id_string"
    },
    {
      "path": "detect_secrets.filters.heuristic.is_lock_file"
    },
    {
      "path": "detect_secrets.filters.heuristic.is_not_alphanumeric_string"
    },
    {
      "path": "detect_secrets.filters.heuristic.is_potential_uuid"
    },
    {
      "path": "detect_secrets.filters.heuristic.is_prefixed_with_dollar_sign"
    },
    {
      "path": "detect_secrets.filters.heuristic.is_sequential_string"
    },
    {
      "path": "detect_secrets.filters.heuristic.is_swagger_file"
    },
    {
      "path": "detect_secrets.filters.heuristic.is_templated_secret"
    }
  ],
  "results": {
    ".claude/rules/hac-api.md": [
      {
        "type": "Secret Keyword",
        "filename": ".claude/rules/hac-api.md",
        "hashed_secret": "c2b83dbc6f8620c105656e26f84baebb825e72f8",
        "is_verified": false,
        "line_number": 8
      }
    ],
    ".claude/rules/testing-patterns.md": [
      {
        "type": "Secret Keyword",
        "filename": ".claude/rules/testing-patterns.md",
        "hashed_secret": "e5e9fa1ba31ecd1ae84f75caaa474f3a663f05f4",
        "is_verified": false,
        "line_number": 71
      }
    ],
    "README.md": [
      {
        "type": "Secret Keyword",
        "filename": "README.md",
        "hashed_secret": "b48cf0140bea12734db05ebcdb012f1d265bed84",
        "is_verified": false,
        "line_number": 103
      }
    ],
    "docs/getting-started.md": [
      {
        "type": "Secret Keyword",
        "filename": "docs/getting-started.md",
        "hashed_secret": "b48cf0140bea12734db05ebcdb012f1d265bed84",
        "is_verified": false,
        "line_number": 65
      }
    ],
    "docs/security.md": [
      {
        "type": "Secret Keyword",
        "filename": "docs/security.md",
        "hashed_secret": "b48cf0140bea12734db05ebcdb012f1d265bed84",
        "is_verified": false,
        "line_number": 12
      }
    ],
    "src/hac_cli/cli/cmd_env.py": [
      {
        "type": "Secret Keyword",
        "filename": "src/hac_cli/cli/cmd_env.py",
        "hashed_secret": "65c10dc3549fe07424148a8a4790a3341ecbc253",
        "is_verified": false,
        "line_number": 60
      }
    ],
    "tests/unit/test_execute_groovy.py": [
      {
        "type": "Secret Keyword",
        "filename": "tests/unit/test_execute_groovy.py",
        "hashed_secret": "e5e9fa1ba31ecd1ae84f75caaa474f3a663f05f4",
        "is_verified": false,
        "line_number": 96
      }
    ],
    "tests/unit/test_hac_client.py": [
      {
        "type": "Secret Keyword",
        "filename": "tests/unit/test_hac_client.py",
        "hashed_secret": "9fb7fe1217aed442b04c0f5e43b5d5a7d3287097",
        "is_verified": false,
        "line_number": 93
      }
    ]
  },
  "generated_at": "2026-07-06T14:50:52Z"
}
